// Jest Snapshot v1, https://goo.gl/fbAQLP

exports[`<FormattedMessage> accepts string as \`tagName\` prop 1`] = `
<div>
  <span
    data-testid="comp"
  >
    <p>
      Hello, World!
    </p>
  </span>
</div>
`;

exports[`<FormattedMessage> rich text supports rich-text message formatting w/ nested tag 1`] = `
<span
  data-testid="comp"
>
  Hello, 
  <b>
    Jest
    <i>
      !
    </i>
  </b>
</span>
`;

exports[`<FormattedMessage> rich text supports rich-text message formatting w/ nested tag, chunks merged 1`] = `
<span
  data-testid="comp"
>
  Hello, 
  <b>
    Jest
    <i>
      !
    </i>
  </b>
</span>
`;
