// Jest Snapshot v1, https://goo.gl/fbAQLP

exports[`<FormattedRelativeTime> supports function-as-child pattern 1`] = `
<span
  data-testid="comp"
>
  <b>
    Jest
  </b>
</span>
`;
